Logging in...
Login successful. Token obtained.
Creating invoice...
Status Code: 401
Response: {
  "detail": "Unauthenticated."
}

Attempting to reproduce error by sending as a JSON string...
Status Code (string body): 401
Response (string body): {
  "detail": "Unauthenticated."
}
